../Drivers/CMSIS/Include/core_cm4.h:2064:26:ITM_SendChar	4
../Core/Src/main.c:68:5:_write	2
../Core/Src/main.c:82:5:main	1
../Core/Src/main.c:126:6:HAL_GPIO_EXTI_Callback	3
../Core/Src/main.c:147:6:SystemClock_Config	3
../Core/Src/main.c:194:13:MX_ADC1_Init	3
../Core/Src/main.c:246:13:MX_CAN1_Init	2
../Core/Src/main.c:298:13:MX_I2C1_Init	2
../Core/Src/main.c:332:13:MX_SPI1_Init	2
../Core/Src/main.c:370:13:MX_GPIO_Init	1
../Core/Src/main.c:426:6:HAL_TIM_PeriodElapsedCallback	2
../Core/Src/main.c:444:6:Error_Handler	1
