../Drivers/CMSIS/Include/core_cm4.h:2064:26:ITM_SendChar	16	static,ignoring_inline_asm
../Core/Src/main.c:68:5:_write	32	static
../Core/Src/main.c:82:5:main	8	static
../Core/Src/main.c:131:6:SystemClock_Config	88	static
../Core/Src/main.c:175:13:MX_ADC1_Init	24	static
../Core/Src/main.c:225:13:MX_CAN1_Init	48	static
../Core/Src/main.c:274:13:MX_I2C1_Init	8	static
../Core/Src/main.c:305:13:MX_SPI1_Init	8	static
../Core/Src/main.c:340:13:MX_GPIO_Init	48	static
../Core/Src/main.c:392:6:Error_Handler	4	static,ignoring_inline_asm
