../Core/Src/stm32f4xx_it.c:70:6:NMI_Handler	4	static
../Core/Src/stm32f4xx_it.c:85:6:HardFault_Handler	4	static
../Core/Src/stm32f4xx_it.c:100:6:MemManage_Handler	4	static
../Core/Src/stm32f4xx_it.c:115:6:BusFault_Handler	4	static
../Core/Src/stm32f4xx_it.c:130:6:UsageFault_Handler	4	static
../Core/Src/stm32f4xx_it.c:145:6:SVC_Handler	8	static
../Core/Src/stm32f4xx_it.c:159:6:DebugMon_Handler	4	static
../Core/Src/stm32f4xx_it.c:172:6:PendSV_Handler	8	static
../Core/Src/stm32f4xx_it.c:186:6:SysTick_Handler	8	static
../Core/Src/stm32f4xx_it.c:209:6:TIM6_DAC_IRQHandler	8	static
../Core/Src/stm32f4xx_it.c:221:6:EXTI9_5_IRQHandler	8	static
